Loading  /mnt/c/assets/hf_home/HuggingFaceTB/SmolVLM2-500M-Video-Instruct weights ...
Reducing the number of VLM layers to 16 ...
Loading weights from local directory
[vdr-stage0a] rows 16/1536
[vdr-stage0a] rows 32/1536
[vdr-stage0a] rows 48/1536
[vdr-stage0a] rows 64/1536
[vdr-stage0a] rows 80/1536
[vdr-stage0a] rows 96/1536
[vdr-stage0a] rows 112/1536
[vdr-stage0a] rows 128/1536
[vdr-stage0a] rows 144/1536
[vdr-stage0a] rows 160/1536
[vdr-stage0a] rows 176/1536
[vdr-stage0a] rows 192/1536
[vdr-stage0a] rows 208/1536
[vdr-stage0a] rows 224/1536
[vdr-stage0a] rows 240/1536
[vdr-stage0a] rows 256/1536
[vdr-stage0a] rows 272/1536
[vdr-stage0a] rows 288/1536
[vdr-stage0a] rows 304/1536
[vdr-stage0a] rows 320/1536
[vdr-stage0a] rows 336/1536
[vdr-stage0a] rows 352/1536
[vdr-stage0a] rows 368/1536
[vdr-stage0a] rows 384/1536
[vdr-stage0a] rows 400/1536
[vdr-stage0a] rows 416/1536
[vdr-stage0a] rows 432/1536
[vdr-stage0a] rows 448/1536
[vdr-stage0a] rows 464/1536
[vdr-stage0a] rows 480/1536
[vdr-stage0a] rows 496/1536
[vdr-stage0a] rows 512/1536
[vdr-stage0a] rows 528/1536
[vdr-stage0a] rows 544/1536
[vdr-stage0a] rows 560/1536
[vdr-stage0a] rows 576/1536
[vdr-stage0a] rows 592/1536
[vdr-stage0a] rows 608/1536
[vdr-stage0a] rows 624/1536
[vdr-stage0a] rows 640/1536
[vdr-stage0a] rows 656/1536
[vdr-stage0a] rows 672/1536
[vdr-stage0a] rows 688/1536
[vdr-stage0a] rows 704/1536
[vdr-stage0a] rows 720/1536
[vdr-stage0a] rows 736/1536
[vdr-stage0a] rows 752/1536
[vdr-stage0a] rows 768/1536
[vdr-stage0a] rows 784/1536
[vdr-stage0a] rows 800/1536
[vdr-stage0a] rows 816/1536
[vdr-stage0a] rows 832/1536
[vdr-stage0a] rows 848/1536
[vdr-stage0a] rows 864/1536
[vdr-stage0a] rows 880/1536
[vdr-stage0a] rows 896/1536
[vdr-stage0a] rows 912/1536
[vdr-stage0a] rows 928/1536
[vdr-stage0a] rows 944/1536
[vdr-stage0a] rows 960/1536
[vdr-stage0a] rows 976/1536
[vdr-stage0a] rows 992/1536
[vdr-stage0a] rows 1008/1536
[vdr-stage0a] rows 1024/1536
[vdr-stage0a] rows 1040/1536
[vdr-stage0a] rows 1056/1536
[vdr-stage0a] rows 1072/1536
[vdr-stage0a] rows 1088/1536
[vdr-stage0a] rows 1104/1536
[vdr-stage0a] rows 1120/1536
[vdr-stage0a] rows 1136/1536
[vdr-stage0a] rows 1152/1536
[vdr-stage0a] rows 1168/1536
[vdr-stage0a] rows 1184/1536
[vdr-stage0a] rows 1200/1536
[vdr-stage0a] rows 1216/1536
[vdr-stage0a] rows 1232/1536
[vdr-stage0a] rows 1248/1536
[vdr-stage0a] rows 1264/1536
[vdr-stage0a] rows 1280/1536
[vdr-stage0a] rows 1296/1536
[vdr-stage0a] rows 1312/1536
[vdr-stage0a] rows 1328/1536
[vdr-stage0a] rows 1344/1536
[vdr-stage0a] rows 1360/1536
[vdr-stage0a] rows 1376/1536
[vdr-stage0a] rows 1392/1536
[vdr-stage0a] rows 1408/1536
[vdr-stage0a] rows 1424/1536
[vdr-stage0a] rows 1440/1536
[vdr-stage0a] rows 1456/1536
[vdr-stage0a] rows 1472/1536
[vdr-stage0a] rows 1488/1536
[vdr-stage0a] rows 1504/1536
[vdr-stage0a] rows 1520/1536
[vdr-stage0a] rows 1536/1536
Loading  /mnt/c/assets/hf_home/HuggingFaceTB/SmolVLM2-500M-Video-Instruct weights ...
Reducing the number of VLM layers to 16 ...
Loading weights from local directory
{"final_decision": "VDR_STAGE_0A_IMPLEMENTATION_OR_OPTIMIZATION_FAILURE"}
